// Jest Snapshot v1, https://goo.gl/fbAQLP

exports[`components/NotFound NotFound should render with default props 1`] = `<NotFound />`;

exports[`components/NotFound Render should render with default props 1`] = `
<Redirect
  push={false}
  to="/"
/>
`;
