// Jest Snapshot v1, https://goo.gl/fbAQLP

exports[`components/ExternalRedirect ExternalRedirect should render with default props 1`] = `
<ExternalRedirect
  href="__HREF__"
/>
`;

exports[`components/ExternalRedirect Render should render with default props 1`] = `<Loading />`;
