// Jest Snapshot v1, https://goo.gl/fbAQLP

exports[`providers/store/session initSessionAction should initialize session 1`] = `
Array [
  Object {
    "session": Object {
      "access": Object {
        "expires": "__EXPIRES__",
        "token": "__TOKEN__",
      },
      "id": Object {
        "expires": "__EXPIRES__",
        "token": "__TOKEN__",
      },
    },
    "type": "SESSION_INIT",
  },
]
`;

exports[`providers/store/session terminateSessionAction should terminate session 1`] = `
Array [
  Object {
    "type": "SESSION_TERMINATE",
  },
]
`;
