// Jest Snapshot v1, https://goo.gl/fbAQLP

exports[`components/LeaveSuccess Render should render with default props 1`] = `
<Redirect
  push={false}
  to="/"
/>
`;
